// Jest Snapshot v1, https://goo.gl/fbAQLP

exports[`Avatar  should match snapshot 1`] = `
<img
  alt="Avatar"
  className="styles__AvatarImage-khcs16-0 ijOVLW"
  data-testid="avatar"
  src="image"
  style={
    Object {
      "borderRadius": "24px",
      "height": "24px",
      "width": "24px",
    }
  }
/>
`;
