// Jest Snapshot v1, https://goo.gl/fbAQLP

exports[`Avatar should match snapshot 1`] = `
<div
  className="styles__AvatarView-khcs16-1 dWsHvG"
  style={
    Object {
      "borderRadius": "24px",
      "height": "24px",
      "width": "24px",
    }
  }
>
  <svg
    fill="currentColor"
    height="24px"
    stroke="currentColor"
    strokeWidth="0"
    style={
      Object {
        "color": undefined,
        "margin": "0px 8px 0px 8px",
      }
    }
    viewBox="0 0 512 512"
    width="24px"
    xmlns="http://www.w3.org/2000/svg"
  >
    <path
      d="M256 288c79.5 0 144-64.5 144-144S335.5 0 256 0 112 64.5 112 144s64.5 144 144 144zm128 32h-55.1c-22.2 10.2-46.9 16-72.9 16s-50.6-5.8-72.9-16H128C57.3 320 0 377.3 0 448v16c0 26.5 21.5 48 48 48h416c26.5 0 48-21.5 48-48v-16c0-70.7-57.3-128-128-128z"
    />
  </svg>
</div>
`;

exports[`Link changes the class when hovered 1`] = `
<div
  className="styles__AvatarView-khcs16-1 dWsHvG"
  style={
    Object {
      "borderRadius": "24px",
      "height": "24px",
      "width": "24px",
    }
  }
>
  <svg
    fill="currentColor"
    height="24px"
    stroke="currentColor"
    strokeWidth="0"
    style={
      Object {
        "color": undefined,
        "margin": "0px 8px 0px 8px",
      }
    }
    viewBox="0 0 512 512"
    width="24px"
    xmlns="http://www.w3.org/2000/svg"
  >
    <path
      d="M256 288c79.5 0 144-64.5 144-144S335.5 0 256 0 112 64.5 112 144s64.5 144 144 144zm128 32h-55.1c-22.2 10.2-46.9 16-72.9 16s-50.6-5.8-72.9-16H128C57.3 320 0 377.3 0 448v16c0 26.5 21.5 48 48 48h416c26.5 0 48-21.5 48-48v-16c0-70.7-57.3-128-128-128z"
    />
  </svg>
</div>
`;
