// Jest Snapshot v1, https://goo.gl/fbAQLP

exports[`Avatar should match snapshot 1`] = `
<div
  className="styles__OutterView-m7ssp0-0 cFOpin"
>
  <div
    className="styles__InnerView-m7ssp0-1 zdZa-d"
  >
    <div />
  </div>
</div>
`;
