// Jest Snapshot v1, https://goo.gl/fbAQLP

exports[`ListTitle  should match snapshot 1`] = `
<div
  className="styles__MainView-sc-9awpl6-0 fbRiBg"
>
  <div
    className="styles__ListItemContainer-sc-9awpl6-1 ftIQND"
  >
    <h1
      className="styles__ColumnTitle-sc-9awpl6-2 hfbWlz"
      style={
        Object {
          "width": "24px",
        }
      }
    >
      Pos
    </h1>
    <h1
      className="styles__ColumnTitle-sc-9awpl6-2 hfbWlz"
    >
      Mateus
    </h1>
  </div>
  <h1
    className="styles__ColumnTitle-sc-9awpl6-2 hfbWlz"
  >
    Pontos
  </h1>
</div>
`;
